// Jest Snapshot v1, https://goo.gl/fbAQLP

exports[`SidebarBrand Element renders correctly 1`] = `
.c0 {
  margin: 0;
  color: #888a8f;
  font-family: "Raleway",sans-serif;
  font-size: 24px;
  -webkit-letter-spacing: 4px;
  -moz-letter-spacing: 4px;
  -ms-letter-spacing: 4px;
  letter-spacing: 4px;
  -webkit-letter-spacing: 4px;
  -moz-letter-spacing: 4px;
  -ms-letter-spacing: 4px;
  letter-spacing: 4px;
  line-height: 86px;
  text-align: center;
  text-transform: uppercase;
}

.c0 span {
  color: #ABADB3;
}

<h1
  className="c0"
/>
`;
