// Jest Snapshot v1, https://goo.gl/fbAQLP

exports[`Banner Block renders correctly 1`] = `
.c0 {
  display: -webkit-box;
  display: -webkit-flex;
  display: -ms-flexbox;
  display: flex;
  -webkit-box-pack: justify;
  -webkit-justify-content: space-between;
  -ms-flex-pack: justify;
  justify-content: space-between;
  -webkit-align-items: center;
  -webkit-box-align: center;
  -ms-flex-align: center;
  align-items: center;
  min-height: 80px;
  padding: 0 20px;
  background-color: #282a2c;
  font-family: "IBM Plex Sans Condensed",Helvetica,Arial,sans-serif;
}

<div
  className="c0"
/>
`;
